// Jest Snapshot v1, https://goo.gl/fbAQLP

exports[`should have no accessibilty violations  1`] = `
<div>
  <section
    class="Container__Wrapper-koxfXz bHtbAd"
    data-testid="login"
  >
    <h1
      class="PageTitle__Title-euxURV bAxgis"
    >
      Login
    </h1>
    <form
      class="FormElements__Form-gUrTuf cFQswl"
      method="post"
    >
      <label
        for="username"
        hidden=""
      >
        Username
      </label>
      <input
        class="FormElements__Input-kwjIXe extkka"
        id="username"
        name="username"
        placeholder="Username"
        type="text"
      />
      <label
        for="password"
        hidden=""
      >
        Password
      </label>
      <input
        class="FormElements__Input-kwjIXe extkka"
        id="password"
        name="password"
        placeholder="Password"
        type="password"
      />
      <input
        class="FormElements__Submit-csJEoT brxrRQ"
        type="submit"
        value="Log In"
      />
    </form>
  </section>
</div>
`;
